// Jest Snapshot v1, https://goo.gl/fbAQLP

exports[`prueba en <GifGridItem /> debe mostrar el componente correctamente 1`] = `
<div
  className="animate__animated animate__fadeIn"
>
  <h3 />
  <img />
</div>
`;
